{
  "version": "1.5.4",
  "plugins_used": [
    {
      "name": "ArtifactoryDetector"
    },
    {
      "name": "AWSKeyDetector"
    },
    {
      "name": "AzureStorageKeyDetector"
    },
    {
      "name": "Base64HighEntropyString",
      "limit": 4.5
    },
    {
      "name": "BasicAuthDetector"
    },
    {
      "name": "CloudantDetector"
    },
    {
      "name": "DiscordBotTokenDetector"
    },
    {
      "name": "GitHubTokenDetector"
    },
    {
      "name": "GitLabTokenDetector"
    },
    {
      "name": "HexHighEntropyString",
      "limit": 3.0
    },
    {
      "name": "IbmCloudIamDetector"
    },
    {
      "name": "IbmCosHmacDetector"
    },
    {
      "name": "IPPublicDetector"
    },
    {
      "name": "JwtTokenDetector"
    },
    {
      "name": "KeywordDetector",
      "keyword_exclude": ""
    },
    {
      "name": "MailchimpDetector"
    },
    {
      "name": "NpmDetector"
    },
    {
      "name": "OpenAIDetector"
    },
    {
      "name": "PrivateKeyDetector"
    },
    {
      "name": "PypiTokenDetector"
    },
    {
      "name": "SendGridDetector"
    },
    {
      "name": "SlackDetector"
    },
    {
      "name": "SoftlayerDetector"
    },
    {
      "name": "SquareOAuthDetector"
    },
    {
      "name": "StripeDetector"
    },
    {
      "name": "TelegramBotTokenDetector"
    },
    {
      "name": "TwilioKeyDetector"
    }
  ],
  "filters_used": [
    {
      "path": "detect_secrets.filters.allowlist.is_line_allowlisted"
    },
    {
      "path": "detect_secrets.filters.common.is_baseline_file",
      "filename": "security/.secrets.baseline"
    },
    {
      "path": "detect_secrets.filters.common.is_ignored_due_to_verification_policies",
      "min_level": 2
    },
    {
      "path": "detect_secrets.filters.heuristic.is_indirect_reference"
    },
    {
      "path": "detect_secrets.filters.heuristic.is_likely_id_string"
    },
    {
      "path": "detect_secrets.filters.heuristic.is_lock_file"
    },
    {
      "path": "detect_secrets.filters.heuristic.is_not_alphanumeric_string"
    },
    {
      "path": "detect_secrets.filters.heuristic.is_potential_uuid"
    },
    {
      "path": "detect_secrets.filters.heuristic.is_prefixed_with_dollar_sign"
    },
    {
      "path": "detect_secrets.filters.heuristic.is_sequential_string"
    },
    {
      "path": "detect_secrets.filters.heuristic.is_swagger_file"
    },
    {
      "path": "detect_secrets.filters.heuristic.is_templated_secret"
    },
    {
      "path": "detect_secrets.filters.regex.should_exclude_file",
      "pattern": [
        "(^|/)(\\.venv|\\.venv-security|venv|node_modules|__pycache__|\\.pytest_cache|\\.mypy_cache|\\.ruff_cache|docs|coaching/tests|tests|\\.artifacts/security)(/|$)|\\.(md|txt|svg|png|jpg|jpeg|gif|webp|pdf)$"
      ]
    }
  ],
  "results": {
    "coaching\\src\\api\\auth.py": [
      {
        "type": "Secret Keyword",
        "filename": "coaching\\src\\api\\auth.py",
        "hashed_secret": "ce094fa09693604fb88de28e4876f8c38a5548d3",
        "is_verified": false,
        "line_number": 111,
        "is_added": false,
        "is_removed": false
      },
      {
        "type": "Secret Keyword",
        "filename": "coaching\\src\\api\\auth.py",
        "hashed_secret": "c03d694a32c7d9c2fc31c4826927eaa686a97c98",
        "is_verified": false,
        "line_number": 359,
        "is_added": false,
        "is_removed": false
      }
    ],
    "coaching\\src\\api\\models\\async_ai.py": [
      {
        "type": "Secret Keyword",
        "filename": "coaching\\src\\api\\models\\async_ai.py",
        "hashed_secret": "c03d694a32c7d9c2fc31c4826927eaa686a97c98",
        "is_verified": false,
        "line_number": 131,
        "is_added": false,
        "is_removed": false
      },
      {
        "type": "Secret Keyword",
        "filename": "coaching\\src\\api\\models\\async_ai.py",
        "hashed_secret": "bcf6ba89ed8f1e9b4f504705a0cf4ce3605f4a87",
        "is_verified": false,
        "line_number": 161,
        "is_added": false,
        "is_removed": false
      }
    ],
    "coaching\\src\\api\\openapi_topic_contracts.py": [
      {
        "type": "Secret Keyword",
        "filename": "coaching\\src\\api\\openapi_topic_contracts.py",
        "hashed_secret": "c03d694a32c7d9c2fc31c4826927eaa686a97c98",
        "is_verified": false,
        "line_number": 132,
        "is_added": false,
        "is_removed": false
      }
    ],
    "coaching\\src\\domain\\entities\\ai_job.py": [
      {
        "type": "Secret Keyword",
        "filename": "coaching\\src\\domain\\entities\\ai_job.py",
        "hashed_secret": "d527d64bcb9bf980310bdd61a944100e212c1133",
        "is_verified": false,
        "line_number": 55,
        "is_added": false,
        "is_removed": false
      },
      {
        "type": "Secret Keyword",
        "filename": "coaching\\src\\domain\\entities\\ai_job.py",
        "hashed_secret": "ffa8fba99c65a6993d560b3ebc1baeec614f07d7",
        "is_verified": false,
        "line_number": 56,
        "is_added": false,
        "is_removed": false
      },
      {
        "type": "Secret Keyword",
        "filename": "coaching\\src\\domain\\entities\\ai_job.py",
        "hashed_secret": "33b280288406e33b9f31d63869575252df739cb0",
        "is_verified": false,
        "line_number": 57,
        "is_added": false,
        "is_removed": false
      },
      {
        "type": "Secret Keyword",
        "filename": "coaching\\src\\domain\\entities\\ai_job.py",
        "hashed_secret": "dd359584ac23098cbde8801396cdffc4c60d48ee",
        "is_verified": false,
        "line_number": 58,
        "is_added": false,
        "is_removed": false
      }
    ],
    "coaching\\src\\infrastructure\\llm\\bedrock_provider.py": [
      {
        "type": "Secret Keyword",
        "filename": "coaching\\src\\infrastructure\\llm\\bedrock_provider.py",
        "hashed_secret": "3d54973f528b01019a58a52d34d518405a01b891",
        "is_verified": false,
        "line_number": 321,
        "is_added": false,
        "is_removed": false
      }
    ],
    "coaching\\src\\infrastructure\\llm\\google_vertex_provider.py": [
      {
        "type": "Secret Keyword",
        "filename": "coaching\\src\\infrastructure\\llm\\google_vertex_provider.py",
        "hashed_secret": "3d54973f528b01019a58a52d34d518405a01b891",
        "is_verified": false,
        "line_number": 312,
        "is_added": false,
        "is_removed": false
      }
    ],
    "coaching\\src\\integration\\sql_template\\enums.py": [
      {
        "type": "Secret Keyword",
        "filename": "coaching\\src\\integration\\sql_template\\enums.py",
        "hashed_secret": "c954a24f64ff3f8d91c06117be58f86922c04ef0",
        "is_verified": false,
        "line_number": 59,
        "is_added": false,
        "is_removed": false
      }
    ],
    "deployment\\account-service\\template-dotnet-fixed.yaml": [
      {
        "type": "Secret Keyword",
        "filename": "deployment\\account-service\\template-dotnet-fixed.yaml",
        "hashed_secret": "f0caa14e43b1e9df508fac74c15c1b7f3c695840",
        "is_verified": false,
        "line_number": 57,
        "is_added": false,
        "is_removed": false
      },
      {
        "type": "Secret Keyword",
        "filename": "deployment\\account-service\\template-dotnet-fixed.yaml",
        "hashed_secret": "55dc7e06ffb295a95e827349abcff1fcf632d87e",
        "is_verified": false,
        "line_number": 58,
        "is_added": false,
        "is_removed": false
      },
      {
        "type": "Secret Keyword",
        "filename": "deployment\\account-service\\template-dotnet-fixed.yaml",
        "hashed_secret": "099b0bcdf64466ba253fee8d6cb53e8c9db9f6c2",
        "is_verified": false,
        "line_number": 59,
        "is_added": false,
        "is_removed": false
      },
      {
        "type": "Secret Keyword",
        "filename": "deployment\\account-service\\template-dotnet-fixed.yaml",
        "hashed_secret": "3f37ae4c43bf9ed4ded9cc65a44b45fc138eccf8",
        "is_verified": false,
        "line_number": 84,
        "is_added": false,
        "is_removed": false
      }
    ],
    "deployment\\account-service\\template-dotnet-lambda-only.yaml": [
      {
        "type": "Secret Keyword",
        "filename": "deployment\\account-service\\template-dotnet-lambda-only.yaml",
        "hashed_secret": "f9d93d0a9293f0bf023729ddc98f56f0578135c7",
        "is_verified": false,
        "line_number": 41,
        "is_added": false,
        "is_removed": false
      },
      {
        "type": "Secret Keyword",
        "filename": "deployment\\account-service\\template-dotnet-lambda-only.yaml",
        "hashed_secret": "3f37ae4c43bf9ed4ded9cc65a44b45fc138eccf8",
        "is_verified": false,
        "line_number": 84,
        "is_added": false,
        "is_removed": false
      }
    ],
    "deployment\\account-service\\template-dotnet.yaml": [
      {
        "type": "Secret Keyword",
        "filename": "deployment\\account-service\\template-dotnet.yaml",
        "hashed_secret": "f0caa14e43b1e9df508fac74c15c1b7f3c695840",
        "is_verified": false,
        "line_number": 86,
        "is_added": false,
        "is_removed": false
      },
      {
        "type": "Secret Keyword",
        "filename": "deployment\\account-service\\template-dotnet.yaml",
        "hashed_secret": "55dc7e06ffb295a95e827349abcff1fcf632d87e",
        "is_verified": false,
        "line_number": 87,
        "is_added": false,
        "is_removed": false
      },
      {
        "type": "Secret Keyword",
        "filename": "deployment\\account-service\\template-dotnet.yaml",
        "hashed_secret": "099b0bcdf64466ba253fee8d6cb53e8c9db9f6c2",
        "is_verified": false,
        "line_number": 88,
        "is_added": false,
        "is_removed": false
      },
      {
        "type": "Secret Keyword",
        "filename": "deployment\\account-service\\template-dotnet.yaml",
        "hashed_secret": "b63bf00edb07af6ffba7f7ceb7ed573a913271f7",
        "is_verified": false,
        "line_number": 140,
        "is_added": false,
        "is_removed": false
      }
    ],
    "deployment\\account-service\\template-python.yaml": [
      {
        "type": "Secret Keyword",
        "filename": "deployment\\account-service\\template-python.yaml",
        "hashed_secret": "b63bf00edb07af6ffba7f7ceb7ed573a913271f7",
        "is_verified": false,
        "line_number": 152,
        "is_added": false,
        "is_removed": false
      }
    ],
    "scripts\\get_e2e_token.py": [
      {
        "type": "Secret Keyword",
        "filename": "scripts\\get_e2e_token.py",
        "hashed_secret": "b44dda1dadd351948fcace1856ed97366e679239",
        "is_verified": false,
        "line_number": 13,
        "is_added": false,
        "is_removed": false
      }
    ],
    "scripts\\analyze_slow_llm_calls.py": [
      {
        "type": "Secret Keyword",
        "filename": "scripts\\analyze_slow_llm_calls.py",
        "hashed_secret": "50d8b4a941c26b89482c94ab324b5a274f9ced66",
        "is_verified": false,
        "line_number": 64,
        "is_added": false,
        "is_removed": false
      }
    ],
    "shared\\models\\schemas.py": [
      {
        "type": "Secret Keyword",
        "filename": "shared\\models\\schemas.py",
        "hashed_secret": "d8ea47c4fe663448bc4847803eb921f7d149dde8",
        "is_verified": false,
        "line_number": 38,
        "is_added": false,
        "is_removed": false
      },
      {
        "type": "Secret Keyword",
        "filename": "shared\\models\\schemas.py",
        "hashed_secret": "9f12480c3c9dc372b40128b1becb69d9b4324d72",
        "is_verified": false,
        "line_number": 39,
        "is_added": false,
        "is_removed": false
      },
      {
        "type": "Secret Keyword",
        "filename": "shared\\models\\schemas.py",
        "hashed_secret": "d06c8bd6d2da6dfd0963c433ffd393733c6e07b4",
        "is_verified": false,
        "line_number": 40,
        "is_added": false,
        "is_removed": false
      },
      {
        "type": "Secret Keyword",
        "filename": "shared\\models\\schemas.py",
        "hashed_secret": "4c9c4ba968615cd9aa4d173eefb6672ba6591fa2",
        "is_verified": false,
        "line_number": 49,
        "is_added": false,
        "is_removed": false
      },
      {
        "type": "Secret Keyword",
        "filename": "shared\\models\\schemas.py",
        "hashed_secret": "f4991d9f176172ed58e57601a72127318a839f4d",
        "is_verified": false,
        "line_number": 65,
        "is_added": false,
        "is_removed": false
      }
    ]
  },
  "generated_at": "2026-04-10T01:09:14Z"
}
